// Jest Snapshot v1, https://goo.gl/fbAQLP

exports[`Product Details component tests should render the UI correctly 1`] = `
<DocumentFragment>
  <div />
</DocumentFragment>
`;
